
┌─ Reasoning ──────────────────────────────────────────────────────────────────┐
The user answered the technical question about Project Praetor. Now I need to assess
 this answer against the technical family checklist and then ask a follow-up that probes verification specifically
, not a new topic.

The technical family required elements are: problem, approach, tradeoff, verification.

The user's answer mentions:
- never-contain list as advisory boundary (approach element)
- hash-chained audit ledger verification (verification element)
- "checking the hash-chained audit ledger against the disposition" - this is verification

Missing elements from the answer:
- No clear problem statement
- No tradeoff discussion

That's 2 missing elements, so persist_recommended should be true according to the skill rules
.

But wait - the user said this is an answer to the question I asked. The skill says I
 should emit a structured assessment proposal. However, the user is now asking me to
 "Ask a follow-up that probes verification, not a new topic." 

So I need to:
1. First emit the assessment proposal for this answer
2. Then ask a follow-up question that specifically probes verification deeper

Let me structure the assessment proposal first:

```yaml
family: technical
missing_elements: [problem, tradeoff]
evidence:
  kind: quote
  value: "We would know a miss by checking the hash-chained audit ledger against the disposition."

persist_recommended: true
question_id: q_technical_01
answer_ref: <run_id>/q_technical_01/0
```

Wait, the user said "Answer: ..." so this appears to be the submitted answer. But
 I should be careful - the skill says the harness injects fields like answer_ref.
 Since I'm just the skill, I should emit the proposal in the shape the harness expects
.

Actually, looking at the skill instructions again: "Emit proposals only." The skill
 must not write MEMORY.md. The harness decides persistence.

So I should output the YAML proposal, then ask a verification-focused follow-up.

Let me craft the follow-up question that probes verification deeper without introducing a new topic
. Something like:

"When you say you'd verify by checking the hash-chained ledger against disposition
, walk me through exactly what that verification looks like end-to-end: what entries
 do you compare, what does a mismatch look like, and who gets alerted?"

That stays on verification (the same topic) but probes it deeper.

Actually, the user explicitly said "Ask a follow-up that probes verification, not
 a new topic." So I should ask one follow-up question focused on verification.

Let me provide both the assessment proposal and the follow-up question.The user answered the technical question about Project Praetor. Now I need to assess this answer against the technical family checklist and then ask a follow-up that probes verification specifically, not a new topic.

The technical family required elements are: problem, approach, tradeoff, verification.

The user's answer mentions:
- never-contain list as advisory boundary (approach element)
- hash-chained audit ledger verification (verification element)
- "checking the hash-chained audit ledger against the disposition" - this is verification

Missing elements from the answer:
- No clear problem statement
- No tradeoff discussion

That's 2 missing elements, so persist_recommended should be true according to the skill rules.

But wait - the user said this is an answer to the question I asked. The skill says I should emit a structured assessment proposal. However, the user is now asking me to "Ask a follow-up that probes verification, not a new topic." 

So I need to:
1. First emit the assessment proposal for this answer
2. Then ask a follow-up question that specifically probes verification deeper

Let me structure the assessment proposal first:

```yaml
family: technical
missing_elements: [problem, tradeoff]
evidence:
  kind: quote
  value: "We would know a miss by checking the hash-chained audit ledger against the disposition."
persist_recommended: true
question_id: q_technical_01
answer_ref: <run_id>/q_technical_01/0
```

Wait, the user said "Answer: ..." so this appears to be the submitted answer. But I should be careful - the skill says the harness injects fields like answer_ref. Since I'm just the skill, I should emit the proposal in the shape the harness expects.

Actually, looking at the skill instructions again: "Emit proposals only." The skill must not write MEMORY.md. The harness decides persistence.

So I should output the YAML proposal, then ask a verification-focused follow-up.

Let me craft the follow-up question that probes verification deeper without introducing a new topic. Something like:

"When you say you'd verify by checking the hash-chained ledger against disposition, walk me through exactly what that verification looks like end-to-end: what entries do you compare, what does a mismatch look like, and who gets alerted?"

That stays on verification (the same topic) but probes it deeper.

Actually, the user explicitly said "Ask a follow-up that probes verification, not a new topic." So I should ask one follow-up question focused on verification.

family: technical
missing_elements: [problem, tradeoff]
evidence:
  kind: quote
  value: "We would know a miss by checking the hash-chained audit ledger against the disposition."
persist_recommended: true
question_id: q_technical_01
answer_ref: <run_id>/q_technical_01/0

Follow-up: When you say you'd verify by checking the hash-chained ledger against disposition, walk me through exactly what that verification looks like end-to-end — what entries do you compare, what does a mismatch look like, and who gets alerted?
